/github/racademy_ws/install/racademy_py_examples/lib/python3.10/site-packages/racademy_py_examples/__init__.py
/github/racademy_ws/install/racademy_py_examples/lib/python3.10/site-packages/racademy_py_examples/simple_subscriber.py
/github/racademy_ws/install/racademy_py_examples/lib/python3.10/site-packages/racademy_py_examples/simple_publisher.py
/github/racademy_ws/install/racademy_py_examples/lib/python3.10/site-packages/racademy_py_examples/simple_parameter.py
/github/racademy_ws/install/racademy_py_examples/lib/python3.10/site-packages/racademy_py_examples/__pycache__/__init__.cpython-310.pyc
/github/racademy_ws/install/racademy_py_examples/lib/python3.10/site-packages/racademy_py_examples/__pycache__/simple_subscriber.cpython-310.pyc
/github/racademy_ws/install/racademy_py_examples/lib/python3.10/site-packages/racademy_py_examples/__pycache__/simple_publisher.cpython-310.pyc
/github/racademy_ws/install/racademy_py_examples/lib/python3.10/site-packages/racademy_py_examples/__pycache__/simple_parameter.cpython-310.pyc
/github/racademy_ws/install/racademy_py_examples/share/ament_index/resource_index/packages/racademy_py_examples
/github/racademy_ws/install/racademy_py_examples/share/racademy_py_examples/package.xml
/github/racademy_ws/install/racademy_py_examples/lib/python3.10/site-packages/racademy_py_examples-0.0.0-py3.10.egg-info/PKG-INFO
/github/racademy_ws/install/racademy_py_examples/lib/python3.10/site-packages/racademy_py_examples-0.0.0-py3.10.egg-info/zip-safe
/github/racademy_ws/install/racademy_py_examples/lib/python3.10/site-packages/racademy_py_examples-0.0.0-py3.10.egg-info/SOURCES.txt
/github/racademy_ws/install/racademy_py_examples/lib/python3.10/site-packages/racademy_py_examples-0.0.0-py3.10.egg-info/entry_points.txt
/github/racademy_ws/install/racademy_py_examples/lib/python3.10/site-packages/racademy_py_examples-0.0.0-py3.10.egg-info/requires.txt
/github/racademy_ws/install/racademy_py_examples/lib/python3.10/site-packages/racademy_py_examples-0.0.0-py3.10.egg-info/top_level.txt
/github/racademy_ws/install/racademy_py_examples/lib/python3.10/site-packages/racademy_py_examples-0.0.0-py3.10.egg-info/dependency_links.txt
/github/racademy_ws/install/racademy_py_examples/lib/racademy_py_examples/simple_parameter
/github/racademy_ws/install/racademy_py_examples/lib/racademy_py_examples/simple_publisher
/github/racademy_ws/install/racademy_py_examples/lib/racademy_py_examples/simple_subscriber
