[0.479s] Invoking command in '/github/racademy_ws/build/racademy_py_examples': PYTHONPATH=/github/racademy_ws/build/racademy_py_examples/prefix_override:/usr/lib/python3/dist-packages/colcon_core/task/python/colcon_distutils_commands:/github/racademy_ws/install/racademy_py_examples/lib/python3.10/site-packages:${PYTHONPATH} /usr/bin/python3 -W ignore:setup.py install is deprecated -W ignore:easy_install command is deprecated setup.py develop --editable --build-directory /github/racademy_ws/build/racademy_py_examples/build --no-deps symlink_data --force
[0.597s] running develop
[0.666s] running egg_info
[0.667s] writing racademy_py_examples.egg-info/PKG-INFO
[0.667s] writing dependency_links to racademy_py_examples.egg-info/dependency_links.txt
[0.668s] writing entry points to racademy_py_examples.egg-info/entry_points.txt
[0.668s] writing requirements to racademy_py_examples.egg-info/requires.txt
[0.669s] writing top-level names to racademy_py_examples.egg-info/top_level.txt
[0.672s] reading manifest file 'racademy_py_examples.egg-info/SOURCES.txt'
[0.674s] writing manifest file 'racademy_py_examples.egg-info/SOURCES.txt'
[0.675s] running build_ext
[0.675s] Creating /github/racademy_ws/install/racademy_py_examples/lib/python3.10/site-packages/racademy-py-examples.egg-link (link to .)
[0.676s] Installing simple_parameter script to /github/racademy_ws/install/racademy_py_examples/lib/racademy_py_examples
[0.677s] Installing simple_publisher script to /github/racademy_ws/install/racademy_py_examples/lib/racademy_py_examples
[0.678s] Installing simple_subscriber script to /github/racademy_ws/install/racademy_py_examples/lib/racademy_py_examples
[0.679s] 
[0.679s] Installed /github/racademy_ws/build/racademy_py_examples
[0.679s] running symlink_data
[0.679s] symbolically linking /github/racademy_ws/build/racademy_py_examples/resource/racademy_py_examples -> /github/racademy_ws/install/racademy_py_examples/share/ament_index/resource_index/packages
[0.679s] symbolically linking /github/racademy_ws/build/racademy_py_examples/package.xml -> /github/racademy_ws/install/racademy_py_examples/share/racademy_py_examples
[0.695s] Invoked command in '/github/racademy_ws/build/racademy_py_examples' returned '0': PYTHONPATH=/github/racademy_ws/build/racademy_py_examples/prefix_override:/usr/lib/python3/dist-packages/colcon_core/task/python/colcon_distutils_commands:/github/racademy_ws/install/racademy_py_examples/lib/python3.10/site-packages:${PYTHONPATH} /usr/bin/python3 -W ignore:setup.py install is deprecated -W ignore:easy_install command is deprecated setup.py develop --editable --build-directory /github/racademy_ws/build/racademy_py_examples/build --no-deps symlink_data --force
