[0.365s] Invoking command in '/github/racademy_ws/src/racademy_py_examples': PYTHONPATH=/github/racademy_ws/build/racademy_py_examples/prefix_override:/usr/lib/python3/dist-packages/colcon_core/task/python/colcon_distutils_commands:/github/racademy_ws/install/racademy_py_examples/lib/python3.10/site-packages:${PYTHONPATH} /usr/bin/python3 -W ignore:setup.py install is deprecated -W ignore:easy_install command is deprecated setup.py egg_info --egg-base ../../build/racademy_py_examples build --build-base /github/racademy_ws/build/racademy_py_examples/build install --record /github/racademy_ws/build/racademy_py_examples/install.log --single-version-externally-managed install_data
[0.475s] running egg_info
[0.475s] writing ../../build/racademy_py_examples/racademy_py_examples.egg-info/PKG-INFO
[0.476s] writing dependency_links to ../../build/racademy_py_examples/racademy_py_examples.egg-info/dependency_links.txt
[0.476s] writing entry points to ../../build/racademy_py_examples/racademy_py_examples.egg-info/entry_points.txt
[0.477s] writing requirements to ../../build/racademy_py_examples/racademy_py_examples.egg-info/requires.txt
[0.477s] writing top-level names to ../../build/racademy_py_examples/racademy_py_examples.egg-info/top_level.txt
[0.479s] reading manifest file '../../build/racademy_py_examples/racademy_py_examples.egg-info/SOURCES.txt'
[0.480s] writing manifest file '../../build/racademy_py_examples/racademy_py_examples.egg-info/SOURCES.txt'
[0.480s] running build
[0.481s] running build_py
[0.481s] running install
[0.482s] running install_lib
[0.483s] running install_data
[0.484s] running install_egg_info
[0.484s] removing '/github/racademy_ws/install/racademy_py_examples/lib/python3.10/site-packages/racademy_py_examples-0.0.0-py3.10.egg-info' (and everything under it)
[0.485s] Copying ../../build/racademy_py_examples/racademy_py_examples.egg-info to /github/racademy_ws/install/racademy_py_examples/lib/python3.10/site-packages/racademy_py_examples-0.0.0-py3.10.egg-info
[0.490s] running install_scripts
[0.500s] Installing simple_publisher script to /github/racademy_ws/install/racademy_py_examples/lib/racademy_py_examples
[0.500s] Installing simple_subscriber script to /github/racademy_ws/install/racademy_py_examples/lib/racademy_py_examples
[0.501s] writing list of installed files to '/github/racademy_ws/build/racademy_py_examples/install.log'
[0.555s] Invoked command in '/github/racademy_ws/src/racademy_py_examples' returned '0': PYTHONPATH=/github/racademy_ws/build/racademy_py_examples/prefix_override:/usr/lib/python3/dist-packages/colcon_core/task/python/colcon_distutils_commands:/github/racademy_ws/install/racademy_py_examples/lib/python3.10/site-packages:${PYTHONPATH} /usr/bin/python3 -W ignore:setup.py install is deprecated -W ignore:easy_install command is deprecated setup.py egg_info --egg-base ../../build/racademy_py_examples build --build-base /github/racademy_ws/build/racademy_py_examples/build install --record /github/racademy_ws/build/racademy_py_examples/install.log --single-version-externally-managed install_data
