[0.019s] Invoking command in '/github/racademy_ws/build/racademy_description': CMAKE_PREFIX_PATH=${CMAKE_PREFIX_PATH}:/github/racademy_ws/install/racademy_py_examples:/opt/ros/humble /usr/bin/cmake /github/racademy_ws/src/racademy_description -DCMAKE_INSTALL_PREFIX=/github/racademy_ws/install/racademy_description
[0.190s] -- The C compiler identification is GNU 11.4.0
[0.288s] -- The CXX compiler identification is GNU 11.4.0
[0.295s] -- Detecting C compiler ABI info
[0.354s] -- Detecting C compiler ABI info - done
[0.360s] -- Check for working C compiler: /usr/bin/cc - skipped
[0.362s] -- Detecting C compile features
[0.363s] -- Detecting C compile features - done
[0.370s] -- Detecting CXX compiler ABI info
[0.432s] -- Detecting CXX compiler ABI info - done
[0.438s] -- Check for working CXX compiler: /usr/bin/c++ - skipped
[0.438s] -- Detecting CXX compile features
[0.438s] -- Detecting CXX compile features - done
[0.444s] -- Found ament_cmake: 1.3.14 (/opt/ros/humble/share/ament_cmake/cmake)
[0.529s] -- Found Python3: /usr/bin/python3 (found version "3.10.12") found components: Interpreter 
[0.637s] -- Found ament_lint_auto: 0.12.15 (/opt/ros/humble/share/ament_lint_auto/cmake)
[0.713s] -- Added test 'lint_cmake' to check CMake code style
[0.719s] -- Added test 'xmllint' to check XML markup files
[0.730s] -- Configuring done
[0.741s] -- Generating done
[0.747s] -- Build files have been written to: /github/racademy_ws/build/racademy_description
[0.749s] Invoked command in '/github/racademy_ws/build/racademy_description' returned '0': CMAKE_PREFIX_PATH=${CMAKE_PREFIX_PATH}:/github/racademy_ws/install/racademy_py_examples:/opt/ros/humble /usr/bin/cmake /github/racademy_ws/src/racademy_description -DCMAKE_INSTALL_PREFIX=/github/racademy_ws/install/racademy_description
[0.750s] Invoking command in '/github/racademy_ws/build/racademy_description': CMAKE_PREFIX_PATH=${CMAKE_PREFIX_PATH}:/github/racademy_ws/install/racademy_py_examples:/opt/ros/humble /usr/bin/cmake --build /github/racademy_ws/build/racademy_description -- -j8 -l8
[0.767s] Invoked command in '/github/racademy_ws/build/racademy_description' returned '0': CMAKE_PREFIX_PATH=${CMAKE_PREFIX_PATH}:/github/racademy_ws/install/racademy_py_examples:/opt/ros/humble /usr/bin/cmake --build /github/racademy_ws/build/racademy_description -- -j8 -l8
[0.769s] Invoking command in '/github/racademy_ws/build/racademy_description': CMAKE_PREFIX_PATH=${CMAKE_PREFIX_PATH}:/github/racademy_ws/install/racademy_py_examples:/opt/ros/humble /usr/bin/cmake --install /github/racademy_ws/build/racademy_description
[0.772s] -- Install configuration: ""
[0.773s] -- Installing: /github/racademy_ws/install/racademy_description/share/ament_index/resource_index/package_run_dependencies/racademy_description
[0.778s] -- Installing: /github/racademy_ws/install/racademy_description/share/ament_index/resource_index/parent_prefix_path/racademy_description
[0.781s] -- Installing: /github/racademy_ws/install/racademy_description/share/racademy_description/environment/ament_prefix_path.sh
[0.782s] -- Installing: /github/racademy_ws/install/racademy_description/share/racademy_description/environment/ament_prefix_path.dsv
[0.783s] -- Installing: /github/racademy_ws/install/racademy_description/share/racademy_description/environment/path.sh
[0.783s] -- Installing: /github/racademy_ws/install/racademy_description/share/racademy_description/environment/path.dsv
[0.784s] -- Installing: /github/racademy_ws/install/racademy_description/share/racademy_description/local_setup.bash
[0.785s] -- Installing: /github/racademy_ws/install/racademy_description/share/racademy_description/local_setup.sh
[0.786s] -- Installing: /github/racademy_ws/install/racademy_description/share/racademy_description/local_setup.zsh
[0.786s] -- Installing: /github/racademy_ws/install/racademy_description/share/racademy_description/local_setup.dsv
[0.787s] -- Installing: /github/racademy_ws/install/racademy_description/share/racademy_description/package.dsv
[0.788s] -- Installing: /github/racademy_ws/install/racademy_description/share/ament_index/resource_index/packages/racademy_description
[0.789s] -- Installing: /github/racademy_ws/install/racademy_description/share/racademy_description/cmake/racademy_descriptionConfig.cmake
[0.790s] -- Installing: /github/racademy_ws/install/racademy_description/share/racademy_description/cmake/racademy_descriptionConfig-version.cmake
[0.790s] -- Installing: /github/racademy_ws/install/racademy_description/share/racademy_description/package.xml
[0.793s] Invoked command in '/github/racademy_ws/build/racademy_description' returned '0': CMAKE_PREFIX_PATH=${CMAKE_PREFIX_PATH}:/github/racademy_ws/install/racademy_py_examples:/opt/ros/humble /usr/bin/cmake --install /github/racademy_ws/build/racademy_description
