-- Found ament_cmake: 1.3.14 (/opt/ros/humble/share/ament_cmake/cmake)
-- Override CMake install command with custom implementation using symlinks instead of copying resources
-- Found ament_lint_auto: 0.12.15 (/opt/ros/humble/share/ament_lint_auto/cmake)
-- Added test 'flake8' to check Python code syntax and style conventions
-- Added test 'lint_cmake' to check CMake code style
-- Added test 'pep257' to check Python code against some of the docstring style conventions in PEP 257
-- Added test 'xmllint' to check XML markup files
-- Configuring done
-- Generating done
-- Build files have been written to: /github/racademy_ws/build/racademy_description
-- Install configuration: ""
-- Execute custom install script
-- Symlinking: /github/racademy_ws/install/racademy_description/share/racademy_description/meshes/duckiebotFrame.dae
-- Symlinking: /github/racademy_ws/install/racademy_description/share/racademy_description/meshes/duckiebot_camera.dae
-- Symlinking: /github/racademy_ws/install/racademy_description/share/racademy_description/meshes/duckiebot_computer.dae
-- Symlinking: /github/racademy_ws/install/racademy_description/share/racademy_description/meshes/duckiebot_frame_full.dae
-- Symlinking: /github/racademy_ws/install/racademy_description/share/racademy_description/meshes/duckiebot_frame_only.dae
-- Symlinking: /github/racademy_ws/install/racademy_description/share/racademy_description/meshes/duckiebot_leftwheel.dae
-- Symlinking: /github/racademy_ws/install/racademy_description/share/racademy_description/meshes/duckiebot_rightwheel.dae
-- Symlinking: /github/racademy_ws/install/racademy_description/share/racademy_description/urdf/racademy.urdf.xacro
-- Symlinking: /github/racademy_ws/install/racademy_description/share/ament_index/resource_index/package_run_dependencies/racademy_description
-- Symlinking: /github/racademy_ws/install/racademy_description/share/ament_index/resource_index/parent_prefix_path/racademy_description
-- Symlinking: /github/racademy_ws/install/racademy_description/share/racademy_description/environment/ament_prefix_path.sh
-- Symlinking: /github/racademy_ws/install/racademy_description/share/racademy_description/environment/ament_prefix_path.dsv
-- Symlinking: /github/racademy_ws/install/racademy_description/share/racademy_description/environment/path.sh
-- Symlinking: /github/racademy_ws/install/racademy_description/share/racademy_description/environment/path.dsv
-- Symlinking: /github/racademy_ws/install/racademy_description/share/racademy_description/local_setup.bash
-- Symlinking: /github/racademy_ws/install/racademy_description/share/racademy_description/local_setup.sh
-- Symlinking: /github/racademy_ws/install/racademy_description/share/racademy_description/local_setup.zsh
-- Symlinking: /github/racademy_ws/install/racademy_description/share/racademy_description/local_setup.dsv
-- Symlinking: /github/racademy_ws/install/racademy_description/share/racademy_description/package.dsv
-- Symlinking: /github/racademy_ws/install/racademy_description/share/ament_index/resource_index/packages/racademy_description
-- Symlinking: /github/racademy_ws/install/racademy_description/share/racademy_description/cmake/racademy_descriptionConfig.cmake
-- Symlinking: /github/racademy_ws/install/racademy_description/share/racademy_description/cmake/racademy_descriptionConfig-version.cmake
-- Symlinking: /github/racademy_ws/install/racademy_description/share/racademy_description/package.xml
