[0.027s] Invoking command in '/github/racademy_ws/build/racademy_description': CMAKE_PREFIX_PATH=${CMAKE_PREFIX_PATH}:/github/racademy_ws/install/racademy_py_examples:/opt/ros/humble /usr/bin/cmake /github/racademy_ws/src/racademy_description -DAMENT_CMAKE_SYMLINK_INSTALL=1 -DCMAKE_INSTALL_PREFIX=/github/racademy_ws/install/racademy_description
[0.080s] -- Found ament_cmake: 1.3.14 (/opt/ros/humble/share/ament_cmake/cmake)
[0.172s] -- Override CMake install command with custom implementation using symlinks instead of copying resources
[0.193s] -- Found ament_lint_auto: 0.12.15 (/opt/ros/humble/share/ament_lint_auto/cmake)
[0.267s] -- Added test 'flake8' to check Python code syntax and style conventions
[0.271s] -- Added test 'lint_cmake' to check CMake code style
[0.272s] -- Added test 'pep257' to check Python code against some of the docstring style conventions in PEP 257
[0.285s] -- Added test 'xmllint' to check XML markup files
[0.290s] -- Configuring done
[0.308s] -- Generating done
[0.316s] -- Build files have been written to: /github/racademy_ws/build/racademy_description
[0.316s] Invoked command in '/github/racademy_ws/build/racademy_description' returned '0': CMAKE_PREFIX_PATH=${CMAKE_PREFIX_PATH}:/github/racademy_ws/install/racademy_py_examples:/opt/ros/humble /usr/bin/cmake /github/racademy_ws/src/racademy_description -DAMENT_CMAKE_SYMLINK_INSTALL=1 -DCMAKE_INSTALL_PREFIX=/github/racademy_ws/install/racademy_description
[0.318s] Invoking command in '/github/racademy_ws/build/racademy_description': CMAKE_PREFIX_PATH=${CMAKE_PREFIX_PATH}:/github/racademy_ws/install/racademy_py_examples:/opt/ros/humble /usr/bin/cmake --build /github/racademy_ws/build/racademy_description -- -j8 -l8
[0.342s] Invoked command in '/github/racademy_ws/build/racademy_description' returned '0': CMAKE_PREFIX_PATH=${CMAKE_PREFIX_PATH}:/github/racademy_ws/install/racademy_py_examples:/opt/ros/humble /usr/bin/cmake --build /github/racademy_ws/build/racademy_description -- -j8 -l8
[0.345s] Invoking command in '/github/racademy_ws/build/racademy_description': CMAKE_PREFIX_PATH=${CMAKE_PREFIX_PATH}:/github/racademy_ws/install/racademy_py_examples:/opt/ros/humble /usr/bin/cmake --install /github/racademy_ws/build/racademy_description
[0.348s] -- Install configuration: ""
[0.349s] -- Execute custom install script
[0.350s] -- Symlinking: /github/racademy_ws/install/racademy_description/share/racademy_description/meshes/duckiebotFrame.dae
[0.354s] -- Symlinking: /github/racademy_ws/install/racademy_description/share/racademy_description/meshes/duckiebot_camera.dae
[0.359s] -- Symlinking: /github/racademy_ws/install/racademy_description/share/racademy_description/meshes/duckiebot_computer.dae
[0.363s] -- Symlinking: /github/racademy_ws/install/racademy_description/share/racademy_description/meshes/duckiebot_frame_full.dae
[0.367s] -- Symlinking: /github/racademy_ws/install/racademy_description/share/racademy_description/meshes/duckiebot_frame_only.dae
[0.372s] -- Symlinking: /github/racademy_ws/install/racademy_description/share/racademy_description/meshes/duckiebot_leftwheel.dae
[0.376s] -- Symlinking: /github/racademy_ws/install/racademy_description/share/racademy_description/meshes/duckiebot_rightwheel.dae
[0.381s] -- Symlinking: /github/racademy_ws/install/racademy_description/share/racademy_description/urdf/racademy.urdf.xacro
[0.386s] -- Symlinking: /github/racademy_ws/install/racademy_description/share/ament_index/resource_index/package_run_dependencies/racademy_description
[0.390s] -- Symlinking: /github/racademy_ws/install/racademy_description/share/ament_index/resource_index/parent_prefix_path/racademy_description
[0.394s] -- Symlinking: /github/racademy_ws/install/racademy_description/share/racademy_description/environment/ament_prefix_path.sh
[0.398s] -- Symlinking: /github/racademy_ws/install/racademy_description/share/racademy_description/environment/ament_prefix_path.dsv
[0.403s] -- Symlinking: /github/racademy_ws/install/racademy_description/share/racademy_description/environment/path.sh
[0.408s] -- Symlinking: /github/racademy_ws/install/racademy_description/share/racademy_description/environment/path.dsv
[0.412s] -- Symlinking: /github/racademy_ws/install/racademy_description/share/racademy_description/local_setup.bash
[0.416s] -- Symlinking: /github/racademy_ws/install/racademy_description/share/racademy_description/local_setup.sh
[0.420s] -- Symlinking: /github/racademy_ws/install/racademy_description/share/racademy_description/local_setup.zsh
[0.425s] -- Symlinking: /github/racademy_ws/install/racademy_description/share/racademy_description/local_setup.dsv
[0.430s] -- Symlinking: /github/racademy_ws/install/racademy_description/share/racademy_description/package.dsv
[0.434s] -- Symlinking: /github/racademy_ws/install/racademy_description/share/ament_index/resource_index/packages/racademy_description
[0.438s] -- Symlinking: /github/racademy_ws/install/racademy_description/share/racademy_description/cmake/racademy_descriptionConfig.cmake
[0.442s] -- Symlinking: /github/racademy_ws/install/racademy_description/share/racademy_description/cmake/racademy_descriptionConfig-version.cmake
[0.446s] -- Symlinking: /github/racademy_ws/install/racademy_description/share/racademy_description/package.xml
[0.450s] Invoked command in '/github/racademy_ws/build/racademy_description' returned '0': CMAKE_PREFIX_PATH=${CMAKE_PREFIX_PATH}:/github/racademy_ws/install/racademy_py_examples:/opt/ros/humble /usr/bin/cmake --install /github/racademy_ws/build/racademy_description
