[0.016s] Invoking command in '/github/racademy_ws/build/racademy_description': CMAKE_PREFIX_PATH=${CMAKE_PREFIX_PATH}:/github/racademy_ws/install/racademy_py_examples:/opt/ros/humble /usr/bin/cmake --build /github/racademy_ws/build/racademy_description -- -j8 -l8
[0.040s] -- Found ament_cmake: 1.3.14 (/opt/ros/humble/share/ament_cmake/cmake)
[0.118s] -- Found ament_lint_auto: 0.12.15 (/opt/ros/humble/share/ament_lint_auto/cmake)
[0.172s] -- Added test 'lint_cmake' to check CMake code style
[0.178s] -- Added test 'xmllint' to check XML markup files
[0.181s] -- Configuring done
[0.201s] -- Generating done
[0.211s] -- Build files have been written to: /github/racademy_ws/build/racademy_description
[0.223s] Invoked command in '/github/racademy_ws/build/racademy_description' returned '0': CMAKE_PREFIX_PATH=${CMAKE_PREFIX_PATH}:/github/racademy_ws/install/racademy_py_examples:/opt/ros/humble /usr/bin/cmake --build /github/racademy_ws/build/racademy_description -- -j8 -l8
[0.223s] Invoking command in '/github/racademy_ws/build/racademy_description': CMAKE_PREFIX_PATH=${CMAKE_PREFIX_PATH}:/github/racademy_ws/install/racademy_py_examples:/opt/ros/humble /usr/bin/cmake --install /github/racademy_ws/build/racademy_description
[0.227s] -- Install configuration: ""
[0.227s] -- Up-to-date: /github/racademy_ws/install/racademy_description/share/ament_index/resource_index/package_run_dependencies/racademy_description
[0.227s] -- Installing: /github/racademy_ws/install/racademy_description/share/ament_index/resource_index/parent_prefix_path/racademy_description
[0.228s] -- Up-to-date: /github/racademy_ws/install/racademy_description/share/racademy_description/environment/ament_prefix_path.sh
[0.228s] -- Installing: /github/racademy_ws/install/racademy_description/share/racademy_description/environment/ament_prefix_path.dsv
[0.229s] -- Up-to-date: /github/racademy_ws/install/racademy_description/share/racademy_description/environment/path.sh
[0.229s] -- Installing: /github/racademy_ws/install/racademy_description/share/racademy_description/environment/path.dsv
[0.230s] -- Up-to-date: /github/racademy_ws/install/racademy_description/share/racademy_description/local_setup.bash
[0.230s] -- Up-to-date: /github/racademy_ws/install/racademy_description/share/racademy_description/local_setup.sh
[0.231s] -- Up-to-date: /github/racademy_ws/install/racademy_description/share/racademy_description/local_setup.zsh
[0.231s] -- Installing: /github/racademy_ws/install/racademy_description/share/racademy_description/local_setup.dsv
[0.232s] -- Installing: /github/racademy_ws/install/racademy_description/share/racademy_description/package.dsv
[0.232s] -- Up-to-date: /github/racademy_ws/install/racademy_description/share/ament_index/resource_index/packages/racademy_description
[0.233s] -- Up-to-date: /github/racademy_ws/install/racademy_description/share/racademy_description/cmake/racademy_descriptionConfig.cmake
[0.233s] -- Up-to-date: /github/racademy_ws/install/racademy_description/share/racademy_description/cmake/racademy_descriptionConfig-version.cmake
[0.233s] -- Installing: /github/racademy_ws/install/racademy_description/share/racademy_description/package.xml
[0.235s] Invoked command in '/github/racademy_ws/build/racademy_description' returned '0': CMAKE_PREFIX_PATH=${CMAKE_PREFIX_PATH}:/github/racademy_ws/install/racademy_py_examples:/opt/ros/humble /usr/bin/cmake --install /github/racademy_ws/build/racademy_description
