[0.023s] Invoking command in '/github/racademy_ws/build/racademy_description': CMAKE_PREFIX_PATH=${CMAKE_PREFIX_PATH}:/github/racademy_ws/install/racademy_py_examples:/opt/ros/humble /usr/bin/cmake /github/racademy_ws/src/racademy_description -DAMENT_CMAKE_SYMLINK_INSTALL=1 -DCMAKE_INSTALL_PREFIX=/github/racademy_ws/install/racademy_description
[0.041s] -- Found ament_cmake: 1.3.14 (/opt/ros/humble/share/ament_cmake/cmake)
[0.121s] -- Override CMake install command with custom implementation using symlinks instead of copying resources
[0.129s] -- Found ament_lint_auto: 0.12.15 (/opt/ros/humble/share/ament_lint_auto/cmake)
[0.193s] -- Added test 'flake8' to check Python code syntax and style conventions
[0.196s] -- Added test 'lint_cmake' to check CMake code style
[0.198s] -- Added test 'pep257' to check Python code against some of the docstring style conventions in PEP 257
[0.207s] -- Added test 'xmllint' to check XML markup files
[0.211s] -- Configuring done
[0.226s] -- Generating done
[0.234s] -- Build files have been written to: /github/racademy_ws/build/racademy_description
[0.235s] Invoked command in '/github/racademy_ws/build/racademy_description' returned '0': CMAKE_PREFIX_PATH=${CMAKE_PREFIX_PATH}:/github/racademy_ws/install/racademy_py_examples:/opt/ros/humble /usr/bin/cmake /github/racademy_ws/src/racademy_description -DAMENT_CMAKE_SYMLINK_INSTALL=1 -DCMAKE_INSTALL_PREFIX=/github/racademy_ws/install/racademy_description
[0.237s] Invoking command in '/github/racademy_ws/build/racademy_description': CMAKE_PREFIX_PATH=${CMAKE_PREFIX_PATH}:/github/racademy_ws/install/racademy_py_examples:/opt/ros/humble /usr/bin/cmake --build /github/racademy_ws/build/racademy_description -- -j8 -l8
[0.261s] Invoked command in '/github/racademy_ws/build/racademy_description' returned '0': CMAKE_PREFIX_PATH=${CMAKE_PREFIX_PATH}:/github/racademy_ws/install/racademy_py_examples:/opt/ros/humble /usr/bin/cmake --build /github/racademy_ws/build/racademy_description -- -j8 -l8
[0.265s] Invoking command in '/github/racademy_ws/build/racademy_description': CMAKE_PREFIX_PATH=${CMAKE_PREFIX_PATH}:/github/racademy_ws/install/racademy_py_examples:/opt/ros/humble /usr/bin/cmake --install /github/racademy_ws/build/racademy_description
[0.269s] -- Install configuration: ""
[0.270s] -- Execute custom install script
[0.273s] -- Up-to-date symlink: /github/racademy_ws/install/racademy_description/share/racademy_description/meshes/duckiebotFrame.dae
[0.273s] -- Up-to-date symlink: /github/racademy_ws/install/racademy_description/share/racademy_description/meshes/duckiebot_camera.dae
[0.274s] -- Up-to-date symlink: /github/racademy_ws/install/racademy_description/share/racademy_description/meshes/duckiebot_computer.dae
[0.274s] -- Up-to-date symlink: /github/racademy_ws/install/racademy_description/share/racademy_description/meshes/duckiebot_frame_full.dae
[0.274s] -- Up-to-date symlink: /github/racademy_ws/install/racademy_description/share/racademy_description/meshes/duckiebot_frame_only.dae
[0.274s] -- Up-to-date symlink: /github/racademy_ws/install/racademy_description/share/racademy_description/meshes/duckiebot_leftwheel.dae
[0.275s] -- Up-to-date symlink: /github/racademy_ws/install/racademy_description/share/racademy_description/meshes/duckiebot_rightwheel.dae
[0.275s] -- Up-to-date symlink: /github/racademy_ws/install/racademy_description/share/racademy_description/urdf/racademy.urdf.xacro
[0.278s] -- Symlinking: /github/racademy_ws/install/racademy_description/share/racademy_description/launch/display.launch.py
[0.284s] -- Up-to-date symlink: /github/racademy_ws/install/racademy_description/share/racademy_description/rviz/display.rviz
[0.285s] -- Up-to-date symlink: /github/racademy_ws/install/racademy_description/share/ament_index/resource_index/package_run_dependencies/racademy_description
[0.285s] -- Up-to-date symlink: /github/racademy_ws/install/racademy_description/share/ament_index/resource_index/parent_prefix_path/racademy_description
[0.285s] -- Up-to-date symlink: /github/racademy_ws/install/racademy_description/share/racademy_description/environment/ament_prefix_path.sh
[0.286s] -- Up-to-date symlink: /github/racademy_ws/install/racademy_description/share/racademy_description/environment/ament_prefix_path.dsv
[0.286s] -- Up-to-date symlink: /github/racademy_ws/install/racademy_description/share/racademy_description/environment/path.sh
[0.286s] -- Up-to-date symlink: /github/racademy_ws/install/racademy_description/share/racademy_description/environment/path.dsv
[0.287s] -- Up-to-date symlink: /github/racademy_ws/install/racademy_description/share/racademy_description/local_setup.bash
[0.287s] -- Up-to-date symlink: /github/racademy_ws/install/racademy_description/share/racademy_description/local_setup.sh
[0.287s] -- Up-to-date symlink: /github/racademy_ws/install/racademy_description/share/racademy_description/local_setup.zsh
[0.287s] -- Up-to-date symlink: /github/racademy_ws/install/racademy_description/share/racademy_description/local_setup.dsv
[0.287s] -- Symlinking: /github/racademy_ws/install/racademy_description/share/racademy_description/package.dsv
[0.292s] -- Up-to-date symlink: /github/racademy_ws/install/racademy_description/share/ament_index/resource_index/packages/racademy_description
[0.293s] -- Up-to-date symlink: /github/racademy_ws/install/racademy_description/share/racademy_description/cmake/racademy_descriptionConfig.cmake
[0.293s] -- Up-to-date symlink: /github/racademy_ws/install/racademy_description/share/racademy_description/cmake/racademy_descriptionConfig-version.cmake
[0.293s] -- Up-to-date symlink: /github/racademy_ws/install/racademy_description/share/racademy_description/package.xml
[0.294s] Invoked command in '/github/racademy_ws/build/racademy_description' returned '0': CMAKE_PREFIX_PATH=${CMAKE_PREFIX_PATH}:/github/racademy_ws/install/racademy_py_examples:/opt/ros/humble /usr/bin/cmake --install /github/racademy_ws/build/racademy_description
