[0.063s] DEBUG:colcon:Command line arguments: ['/usr/bin/colcon', 'build', '--symlink-install']
[0.064s] DEBUG:colcon:Parsed command line arguments: Namespace(log_base=None, log_level=None, verb_name='build', build_base='build', install_base='install', merge_install=False, symlink_install=True, test_result_base=None, continue_on_error=False, executor='parallel', parallel_workers=8, event_handlers=None, ignore_user_meta=False, metas=['./colcon.meta'], base_paths=['.'], packages_ignore=None, packages_ignore_regex=None, paths=None, packages_up_to=None, packages_up_to_regex=None, packages_above=None, packages_above_and_dependencies=None, packages_above_depth=None, packages_select_by_dep=None, packages_skip_by_dep=None, packages_skip_up_to=None, packages_select_build_failed=False, packages_skip_build_finished=False, packages_select_test_failures=False, packages_skip_test_passed=False, packages_select=None, packages_skip=None, packages_select_regex=None, packages_skip_regex=None, packages_start=None, packages_end=None, allow_overriding=[], cmake_args=None, cmake_target=None, cmake_target_skip_unavailable=False, cmake_clean_cache=False, cmake_clean_first=False, cmake_force_configure=False, ament_cmake_args=None, catkin_cmake_args=None, catkin_skip_building_tests=False, verb_parser=<colcon_defaults.argument_parser.defaults.DefaultArgumentsDecorator object at 0xffffaaa94160>, verb_extension=<colcon_core.verb.build.BuildVerb object at 0xffffaab64b20>, main=<bound method BuildVerb.main of <colcon_core.verb.build.BuildVerb object at 0xffffaab64b20>>)
[0.151s] Level 1:colcon.colcon_core.package_discovery:discover_packages(colcon_meta) check parameters
[0.151s] Level 1:colcon.colcon_core.package_discovery:discover_packages(recursive) check parameters
[0.151s] Level 1:colcon.colcon_core.package_discovery:discover_packages(ignore) check parameters
[0.151s] Level 1:colcon.colcon_core.package_discovery:discover_packages(path) check parameters
[0.152s] Level 1:colcon.colcon_core.package_discovery:discover_packages(colcon_meta) discover
[0.152s] Level 1:colcon.colcon_core.package_discovery:discover_packages(recursive) discover
[0.152s] INFO:colcon.colcon_core.package_discovery:Crawling recursively for packages in '/github/racademy_ws'
[0.152s] Level 1:colcon.colcon_core.package_identification:_identify(.) by extensions ['ignore', 'ignore_ament_install']
[0.152s] Level 1:colcon.colcon_core.package_identification:_identify(.) by extension 'ignore'
[0.152s] Level 1:colcon.colcon_core.package_identification:_identify(.) by extension 'ignore_ament_install'
[0.152s] Level 1:colcon.colcon_core.package_identification:_identify(.) by extensions ['colcon_pkg']
[0.152s] Level 1:colcon.colcon_core.package_identification:_identify(.) by extension 'colcon_pkg'
[0.152s] Level 1:colcon.colcon_core.package_identification:_identify(.) by extensions ['colcon_meta']
[0.152s] Level 1:colcon.colcon_core.package_identification:_identify(.) by extension 'colcon_meta'
[0.152s] Level 1:colcon.colcon_core.package_identification:_identify(.) by extensions ['ros']
[0.153s] Level 1:colcon.colcon_core.package_identification:_identify(.) by extension 'ros'
[0.160s] Level 1:colcon.colcon_core.package_identification:_identify(.) by extensions ['cmake', 'python']
[0.160s] Level 1:colcon.colcon_core.package_identification:_identify(.) by extension 'cmake'
[0.160s] Level 1:colcon.colcon_core.package_identification:_identify(.) by extension 'python'
[0.160s] Level 1:colcon.colcon_core.package_identification:_identify(.) by extensions ['python_setup_py']
[0.160s] Level 1:colcon.colcon_core.package_identification:_identify(.) by extension 'python_setup_py'
[0.161s] Level 1:colcon.colcon_core.package_identification:_identify(build) by extensions ['ignore', 'ignore_ament_install']
[0.161s] Level 1:colcon.colcon_core.package_identification:_identify(build) by extension 'ignore'
[0.161s] Level 1:colcon.colcon_core.package_identification:_identify(build) ignored
[0.162s] Level 1:colcon.colcon_core.package_identification:_identify(install) by extensions ['ignore', 'ignore_ament_install']
[0.163s] Level 1:colcon.colcon_core.package_identification:_identify(install) by extension 'ignore'
[0.163s] Level 1:colcon.colcon_core.package_identification:_identify(install) ignored
[0.164s] Level 1:colcon.colcon_core.package_identification:_identify(log) by extensions ['ignore', 'ignore_ament_install']
[0.164s] Level 1:colcon.colcon_core.package_identification:_identify(log) by extension 'ignore'
[0.164s] Level 1:colcon.colcon_core.package_identification:_identify(log) ignored
[0.164s] Level 1:colcon.colcon_core.package_identification:_identify(src) by extensions ['ignore', 'ignore_ament_install']
[0.164s] Level 1:colcon.colcon_core.package_identification:_identify(src) by extension 'ignore'
[0.164s] Level 1:colcon.colcon_core.package_identification:_identify(src) by extension 'ignore_ament_install'
[0.164s] Level 1:colcon.colcon_core.package_identification:_identify(src) by extensions ['colcon_pkg']
[0.165s] Level 1:colcon.colcon_core.package_identification:_identify(src) by extension 'colcon_pkg'
[0.165s] Level 1:colcon.colcon_core.package_identification:_identify(src) by extensions ['colcon_meta']
[0.165s] Level 1:colcon.colcon_core.package_identification:_identify(src) by extension 'colcon_meta'
[0.165s] Level 1:colcon.colcon_core.package_identification:_identify(src) by extensions ['ros']
[0.165s] Level 1:colcon.colcon_core.package_identification:_identify(src) by extension 'ros'
[0.165s] Level 1:colcon.colcon_core.package_identification:_identify(src) by extensions ['cmake', 'python']
[0.165s] Level 1:colcon.colcon_core.package_identification:_identify(src) by extension 'cmake'
[0.165s] Level 1:colcon.colcon_core.package_identification:_identify(src) by extension 'python'
[0.165s] Level 1:colcon.colcon_core.package_identification:_identify(src) by extensions ['python_setup_py']
[0.165s] Level 1:colcon.colcon_core.package_identification:_identify(src) by extension 'python_setup_py'
[0.166s] Level 1:colcon.colcon_core.package_identification:_identify(src/racademy_cpp_examples) by extensions ['ignore', 'ignore_ament_install']
[0.166s] Level 1:colcon.colcon_core.package_identification:_identify(src/racademy_cpp_examples) by extension 'ignore'
[0.166s] Level 1:colcon.colcon_core.package_identification:_identify(src/racademy_cpp_examples) by extension 'ignore_ament_install'
[0.166s] Level 1:colcon.colcon_core.package_identification:_identify(src/racademy_cpp_examples) by extensions ['colcon_pkg']
[0.166s] Level 1:colcon.colcon_core.package_identification:_identify(src/racademy_cpp_examples) by extension 'colcon_pkg'
[0.166s] Level 1:colcon.colcon_core.package_identification:_identify(src/racademy_cpp_examples) by extensions ['colcon_meta']
[0.166s] Level 1:colcon.colcon_core.package_identification:_identify(src/racademy_cpp_examples) by extension 'colcon_meta'
[0.166s] Level 1:colcon.colcon_core.package_identification:_identify(src/racademy_cpp_examples) by extensions ['ros']
[0.166s] Level 1:colcon.colcon_core.package_identification:_identify(src/racademy_cpp_examples) by extension 'ros'
[0.168s] DEBUG:colcon.colcon_core.package_identification:Package 'src/racademy_cpp_examples' with type 'ros.ament_cmake' and name 'racademy_cpp_examples'
[0.168s] Level 1:colcon.colcon_core.package_identification:_identify(src/racademy_description) by extensions ['ignore', 'ignore_ament_install']
[0.168s] Level 1:colcon.colcon_core.package_identification:_identify(src/racademy_description) by extension 'ignore'
[0.168s] Level 1:colcon.colcon_core.package_identification:_identify(src/racademy_description) by extension 'ignore_ament_install'
[0.168s] Level 1:colcon.colcon_core.package_identification:_identify(src/racademy_description) by extensions ['colcon_pkg']
[0.168s] Level 1:colcon.colcon_core.package_identification:_identify(src/racademy_description) by extension 'colcon_pkg'
[0.169s] Level 1:colcon.colcon_core.package_identification:_identify(src/racademy_description) by extensions ['colcon_meta']
[0.169s] Level 1:colcon.colcon_core.package_identification:_identify(src/racademy_description) by extension 'colcon_meta'
[0.169s] Level 1:colcon.colcon_core.package_identification:_identify(src/racademy_description) by extensions ['ros']
[0.169s] Level 1:colcon.colcon_core.package_identification:_identify(src/racademy_description) by extension 'ros'
[0.169s] DEBUG:colcon.colcon_core.package_identification:Package 'src/racademy_description' with type 'ros.ament_cmake' and name 'racademy_description'
[0.169s] Level 1:colcon.colcon_core.package_identification:_identify(src/racademy_py_examples) by extensions ['ignore', 'ignore_ament_install']
[0.170s] Level 1:colcon.colcon_core.package_identification:_identify(src/racademy_py_examples) by extension 'ignore'
[0.170s] Level 1:colcon.colcon_core.package_identification:_identify(src/racademy_py_examples) by extension 'ignore_ament_install'
[0.170s] Level 1:colcon.colcon_core.package_identification:_identify(src/racademy_py_examples) by extensions ['colcon_pkg']
[0.170s] Level 1:colcon.colcon_core.package_identification:_identify(src/racademy_py_examples) by extension 'colcon_pkg'
[0.170s] Level 1:colcon.colcon_core.package_identification:_identify(src/racademy_py_examples) by extensions ['colcon_meta']
[0.170s] Level 1:colcon.colcon_core.package_identification:_identify(src/racademy_py_examples) by extension 'colcon_meta'
[0.170s] Level 1:colcon.colcon_core.package_identification:_identify(src/racademy_py_examples) by extensions ['ros']
[0.170s] Level 1:colcon.colcon_core.package_identification:_identify(src/racademy_py_examples) by extension 'ros'
[0.171s] DEBUG:colcon.colcon_core.package_identification:Package 'src/racademy_py_examples' with type 'ros.ament_python' and name 'racademy_py_examples'
[0.171s] Level 1:colcon.colcon_core.package_discovery:discover_packages(recursive) using defaults
[0.171s] Level 1:colcon.colcon_core.package_discovery:discover_packages(ignore) discover
[0.171s] Level 1:colcon.colcon_core.package_discovery:discover_packages(ignore) using defaults
[0.171s] Level 1:colcon.colcon_core.package_discovery:discover_packages(path) discover
[0.171s] Level 1:colcon.colcon_core.package_discovery:discover_packages(path) using defaults
[0.186s] Level 1:colcon.colcon_core.package_discovery:discover_packages(prefix_path) check parameters
[0.186s] Level 1:colcon.colcon_core.package_discovery:discover_packages(prefix_path) discover
[0.189s] DEBUG:colcon.colcon_installed_package_information.package_discovery:Found 3 installed packages in /github/racademy_ws/install
[0.190s] DEBUG:colcon.colcon_installed_package_information.package_discovery:Found 393 installed packages in /opt/ros/humble
[0.191s] Level 1:colcon.colcon_core.package_discovery:discover_packages(prefix_path) using defaults
[0.225s] Level 5:colcon.colcon_core.verb:set package 'racademy_cpp_examples' build argument 'cmake_args' from command line to 'None'
[0.225s] Level 5:colcon.colcon_core.verb:set package 'racademy_cpp_examples' build argument 'cmake_target' from command line to 'None'
[0.225s] Level 5:colcon.colcon_core.verb:set package 'racademy_cpp_examples' build argument 'cmake_target_skip_unavailable' from command line to 'False'
[0.225s] Level 5:colcon.colcon_core.verb:set package 'racademy_cpp_examples' build argument 'cmake_clean_cache' from command line to 'False'
[0.226s] Level 5:colcon.colcon_core.verb:set package 'racademy_cpp_examples' build argument 'cmake_clean_first' from command line to 'False'
[0.226s] Level 5:colcon.colcon_core.verb:set package 'racademy_cpp_examples' build argument 'cmake_force_configure' from command line to 'False'
[0.226s] Level 5:colcon.colcon_core.verb:set package 'racademy_cpp_examples' build argument 'ament_cmake_args' from command line to 'None'
[0.226s] Level 5:colcon.colcon_core.verb:set package 'racademy_cpp_examples' build argument 'catkin_cmake_args' from command line to 'None'
[0.226s] Level 5:colcon.colcon_core.verb:set package 'racademy_cpp_examples' build argument 'catkin_skip_building_tests' from command line to 'False'
[0.226s] DEBUG:colcon.colcon_core.verb:Building package 'racademy_cpp_examples' with the following arguments: {'ament_cmake_args': None, 'build_base': '/github/racademy_ws/build/racademy_cpp_examples', 'catkin_cmake_args': None, 'catkin_skip_building_tests': False, 'cmake_args': None, 'cmake_clean_cache': False, 'cmake_clean_first': False, 'cmake_force_configure': False, 'cmake_target': None, 'cmake_target_skip_unavailable': False, 'install_base': '/github/racademy_ws/install/racademy_cpp_examples', 'merge_install': False, 'path': '/github/racademy_ws/src/racademy_cpp_examples', 'symlink_install': True, 'test_result_base': None}
[0.226s] Level 5:colcon.colcon_core.verb:set package 'racademy_description' build argument 'cmake_args' from command line to 'None'
[0.226s] Level 5:colcon.colcon_core.verb:set package 'racademy_description' build argument 'cmake_target' from command line to 'None'
[0.226s] Level 5:colcon.colcon_core.verb:set package 'racademy_description' build argument 'cmake_target_skip_unavailable' from command line to 'False'
[0.226s] Level 5:colcon.colcon_core.verb:set package 'racademy_description' build argument 'cmake_clean_cache' from command line to 'False'
[0.226s] Level 5:colcon.colcon_core.verb:set package 'racademy_description' build argument 'cmake_clean_first' from command line to 'False'
[0.226s] Level 5:colcon.colcon_core.verb:set package 'racademy_description' build argument 'cmake_force_configure' from command line to 'False'
[0.226s] Level 5:colcon.colcon_core.verb:set package 'racademy_description' build argument 'ament_cmake_args' from command line to 'None'
[0.226s] Level 5:colcon.colcon_core.verb:set package 'racademy_description' build argument 'catkin_cmake_args' from command line to 'None'
[0.226s] Level 5:colcon.colcon_core.verb:set package 'racademy_description' build argument 'catkin_skip_building_tests' from command line to 'False'
[0.226s] DEBUG:colcon.colcon_core.verb:Building package 'racademy_description' with the following arguments: {'ament_cmake_args': None, 'build_base': '/github/racademy_ws/build/racademy_description', 'catkin_cmake_args': None, 'catkin_skip_building_tests': False, 'cmake_args': None, 'cmake_clean_cache': False, 'cmake_clean_first': False, 'cmake_force_configure': False, 'cmake_target': None, 'cmake_target_skip_unavailable': False, 'install_base': '/github/racademy_ws/install/racademy_description', 'merge_install': False, 'path': '/github/racademy_ws/src/racademy_description', 'symlink_install': True, 'test_result_base': None}
[0.227s] Level 5:colcon.colcon_core.verb:set package 'racademy_py_examples' build argument 'cmake_args' from command line to 'None'
[0.227s] Level 5:colcon.colcon_core.verb:set package 'racademy_py_examples' build argument 'cmake_target' from command line to 'None'
[0.227s] Level 5:colcon.colcon_core.verb:set package 'racademy_py_examples' build argument 'cmake_target_skip_unavailable' from command line to 'False'
[0.227s] Level 5:colcon.colcon_core.verb:set package 'racademy_py_examples' build argument 'cmake_clean_cache' from command line to 'False'
[0.227s] Level 5:colcon.colcon_core.verb:set package 'racademy_py_examples' build argument 'cmake_clean_first' from command line to 'False'
[0.227s] Level 5:colcon.colcon_core.verb:set package 'racademy_py_examples' build argument 'cmake_force_configure' from command line to 'False'
[0.227s] Level 5:colcon.colcon_core.verb:set package 'racademy_py_examples' build argument 'ament_cmake_args' from command line to 'None'
[0.227s] Level 5:colcon.colcon_core.verb:set package 'racademy_py_examples' build argument 'catkin_cmake_args' from command line to 'None'
[0.227s] Level 5:colcon.colcon_core.verb:set package 'racademy_py_examples' build argument 'catkin_skip_building_tests' from command line to 'False'
[0.227s] DEBUG:colcon.colcon_core.verb:Building package 'racademy_py_examples' with the following arguments: {'ament_cmake_args': None, 'build_base': '/github/racademy_ws/build/racademy_py_examples', 'catkin_cmake_args': None, 'catkin_skip_building_tests': False, 'cmake_args': None, 'cmake_clean_cache': False, 'cmake_clean_first': False, 'cmake_force_configure': False, 'cmake_target': None, 'cmake_target_skip_unavailable': False, 'install_base': '/github/racademy_ws/install/racademy_py_examples', 'merge_install': False, 'path': '/github/racademy_ws/src/racademy_py_examples', 'symlink_install': True, 'test_result_base': None}
[0.227s] INFO:colcon.colcon_core.executor:Executing jobs using 'parallel' executor
[0.228s] DEBUG:colcon.colcon_parallel_executor.executor.parallel:run_until_complete
[0.228s] INFO:colcon.colcon_ros.task.ament_cmake.build:Building ROS package in '/github/racademy_ws/src/racademy_cpp_examples' with build type 'ament_cmake'
[0.228s] INFO:colcon.colcon_cmake.task.cmake.build:Building CMake package in '/github/racademy_ws/src/racademy_cpp_examples'
[0.229s] INFO:colcon.colcon_core.plugin_system:Skipping extension 'colcon_core.shell.bat': Not used on non-Windows systems
[0.229s] INFO:colcon.colcon_core.shell:Skip shell extension 'powershell' for command environment: Not usable outside of PowerShell
[0.229s] DEBUG:colcon.colcon_core.shell:Skip shell extension 'dsv' for command environment
[0.233s] INFO:colcon.colcon_ros.task.ament_cmake.build:Building ROS package in '/github/racademy_ws/src/racademy_description' with build type 'ament_cmake'
[0.233s] INFO:colcon.colcon_cmake.task.cmake.build:Building CMake package in '/github/racademy_ws/src/racademy_description'
[0.234s] INFO:colcon.colcon_core.shell:Skip shell extension 'powershell' for command environment: Not usable outside of PowerShell
[0.234s] DEBUG:colcon.colcon_core.shell:Skip shell extension 'dsv' for command environment
[0.236s] INFO:colcon.colcon_ros.task.ament_python.build:Building ROS package in '/github/racademy_ws/src/racademy_py_examples' with build type 'ament_python'
[0.236s] Level 1:colcon.colcon_core.shell:create_environment_hook('racademy_py_examples', 'ament_prefix_path')
[0.237s] INFO:colcon.colcon_core.shell:Creating environment hook '/github/racademy_ws/install/racademy_py_examples/share/racademy_py_examples/hook/ament_prefix_path.ps1'
[0.237s] INFO:colcon.colcon_core.shell:Creating environment descriptor '/github/racademy_ws/install/racademy_py_examples/share/racademy_py_examples/hook/ament_prefix_path.dsv'
[0.238s] INFO:colcon.colcon_core.shell:Creating environment hook '/github/racademy_ws/install/racademy_py_examples/share/racademy_py_examples/hook/ament_prefix_path.sh'
[0.238s] INFO:colcon.colcon_core.shell:Skip shell extension 'powershell' for command environment: Not usable outside of PowerShell
[0.238s] DEBUG:colcon.colcon_core.shell:Skip shell extension 'dsv' for command environment
[0.246s] DEBUG:colcon.colcon_core.event_handler.log_command:Invoking command in '/github/racademy_ws/build/racademy_cpp_examples': CMAKE_PREFIX_PATH=${CMAKE_PREFIX_PATH}:/github/racademy_ws/install/racademy_py_examples:/opt/ros/humble /usr/bin/cmake --build /github/racademy_ws/build/racademy_cpp_examples -- -j8 -l8
[0.257s] DEBUG:colcon.colcon_core.event_handler.log_command:Invoking command in '/github/racademy_ws/build/racademy_description': CMAKE_PREFIX_PATH=${CMAKE_PREFIX_PATH}:/github/racademy_ws/install/racademy_py_examples:/opt/ros/humble /usr/bin/cmake --build /github/racademy_ws/build/racademy_description -- -j8 -l8
[0.415s] INFO:colcon.colcon_core.task.python.build:Building Python package in '/github/racademy_ws/src/racademy_py_examples'
[0.415s] INFO:colcon.colcon_core.shell:Skip shell extension 'powershell' for command environment: Not usable outside of PowerShell
[0.416s] DEBUG:colcon.colcon_core.shell:Skip shell extension 'dsv' for command environment
[0.423s] DEBUG:colcon.colcon_core.event_handler.log_command:Invoked command in '/github/racademy_ws/build/racademy_cpp_examples' returned '0': CMAKE_PREFIX_PATH=${CMAKE_PREFIX_PATH}:/github/racademy_ws/install/racademy_py_examples:/opt/ros/humble /usr/bin/cmake --build /github/racademy_ws/build/racademy_cpp_examples -- -j8 -l8
[0.431s] DEBUG:colcon.colcon_core.event_handler.log_command:Invoking command in '/github/racademy_ws/build/racademy_cpp_examples': CMAKE_PREFIX_PATH=${CMAKE_PREFIX_PATH}:/github/racademy_ws/install/racademy_py_examples:/opt/ros/humble /usr/bin/cmake --install /github/racademy_ws/build/racademy_cpp_examples
[0.449s] Level 1:colcon.colcon_core.environment:create_environment_scripts_only(racademy_cpp_examples)
[0.449s] DEBUG:colcon.colcon_core.event_handler.log_command:Invoked command in '/github/racademy_ws/build/racademy_cpp_examples' returned '0': CMAKE_PREFIX_PATH=${CMAKE_PREFIX_PATH}:/github/racademy_ws/install/racademy_py_examples:/opt/ros/humble /usr/bin/cmake --install /github/racademy_ws/build/racademy_cpp_examples
[0.451s] Level 1:colcon.colcon_core.environment:checking '/github/racademy_ws/install/racademy_cpp_examples' for CMake module files
[0.453s] Level 1:colcon.colcon_core.environment:checking '/github/racademy_ws/install/racademy_cpp_examples' for CMake config files
[0.455s] Level 1:colcon.colcon_core.shell:create_environment_hook('racademy_cpp_examples', 'cmake_prefix_path')
[0.455s] INFO:colcon.colcon_core.shell:Creating environment hook '/github/racademy_ws/install/racademy_cpp_examples/share/racademy_cpp_examples/hook/cmake_prefix_path.ps1'
[0.456s] INFO:colcon.colcon_core.shell:Creating environment descriptor '/github/racademy_ws/install/racademy_cpp_examples/share/racademy_cpp_examples/hook/cmake_prefix_path.dsv'
[0.457s] INFO:colcon.colcon_core.shell:Creating environment hook '/github/racademy_ws/install/racademy_cpp_examples/share/racademy_cpp_examples/hook/cmake_prefix_path.sh'
[0.458s] Level 1:colcon.colcon_core.environment:checking '/github/racademy_ws/install/racademy_cpp_examples/bin'
[0.458s] Level 1:colcon.colcon_core.environment:checking '/github/racademy_ws/install/racademy_cpp_examples/lib/pkgconfig/racademy_cpp_examples.pc'
[0.459s] Level 1:colcon.colcon_core.environment:checking '/github/racademy_ws/install/racademy_cpp_examples/lib/python3.10/site-packages'
[0.459s] Level 1:colcon.colcon_core.environment:checking '/github/racademy_ws/install/racademy_cpp_examples/bin'
[0.459s] INFO:colcon.colcon_core.shell:Creating package script '/github/racademy_ws/install/racademy_cpp_examples/share/racademy_cpp_examples/package.ps1'
[0.460s] INFO:colcon.colcon_core.shell:Creating package descriptor '/github/racademy_ws/install/racademy_cpp_examples/share/racademy_cpp_examples/package.dsv'
[0.462s] INFO:colcon.colcon_core.shell:Creating package script '/github/racademy_ws/install/racademy_cpp_examples/share/racademy_cpp_examples/package.sh'
[0.462s] INFO:colcon.colcon_core.shell:Creating package script '/github/racademy_ws/install/racademy_cpp_examples/share/racademy_cpp_examples/package.bash'
[0.463s] INFO:colcon.colcon_core.shell:Creating package script '/github/racademy_ws/install/racademy_cpp_examples/share/racademy_cpp_examples/package.zsh'
[0.464s] Level 1:colcon.colcon_core.environment:create_file_with_runtime_dependencies(/github/racademy_ws/install/racademy_cpp_examples/share/colcon-core/packages/racademy_cpp_examples)
[0.465s] Level 1:colcon.colcon_core.environment:create_environment_scripts_only(racademy_cpp_examples)
[0.466s] Level 1:colcon.colcon_core.environment:checking '/github/racademy_ws/install/racademy_cpp_examples' for CMake module files
[0.469s] Level 1:colcon.colcon_core.environment:checking '/github/racademy_ws/install/racademy_cpp_examples' for CMake config files
[0.472s] Level 1:colcon.colcon_core.shell:create_environment_hook('racademy_cpp_examples', 'cmake_prefix_path')
[0.472s] INFO:colcon.colcon_core.shell:Creating environment hook '/github/racademy_ws/install/racademy_cpp_examples/share/racademy_cpp_examples/hook/cmake_prefix_path.ps1'
[0.473s] INFO:colcon.colcon_core.shell:Creating environment descriptor '/github/racademy_ws/install/racademy_cpp_examples/share/racademy_cpp_examples/hook/cmake_prefix_path.dsv'
[0.473s] INFO:colcon.colcon_core.shell:Creating environment hook '/github/racademy_ws/install/racademy_cpp_examples/share/racademy_cpp_examples/hook/cmake_prefix_path.sh'
[0.474s] Level 1:colcon.colcon_core.environment:checking '/github/racademy_ws/install/racademy_cpp_examples/bin'
[0.474s] Level 1:colcon.colcon_core.environment:checking '/github/racademy_ws/install/racademy_cpp_examples/lib/pkgconfig/racademy_cpp_examples.pc'
[0.475s] Level 1:colcon.colcon_core.environment:checking '/github/racademy_ws/install/racademy_cpp_examples/lib/python3.10/site-packages'
[0.475s] Level 1:colcon.colcon_core.environment:checking '/github/racademy_ws/install/racademy_cpp_examples/bin'
[0.476s] INFO:colcon.colcon_core.shell:Creating package script '/github/racademy_ws/install/racademy_cpp_examples/share/racademy_cpp_examples/package.ps1'
[0.476s] INFO:colcon.colcon_core.shell:Creating package descriptor '/github/racademy_ws/install/racademy_cpp_examples/share/racademy_cpp_examples/package.dsv'
[0.477s] INFO:colcon.colcon_core.shell:Creating package script '/github/racademy_ws/install/racademy_cpp_examples/share/racademy_cpp_examples/package.sh'
[0.477s] INFO:colcon.colcon_core.shell:Creating package script '/github/racademy_ws/install/racademy_cpp_examples/share/racademy_cpp_examples/package.bash'
[0.478s] INFO:colcon.colcon_core.shell:Creating package script '/github/racademy_ws/install/racademy_cpp_examples/share/racademy_cpp_examples/package.zsh'
[0.479s] Level 1:colcon.colcon_core.environment:create_file_with_runtime_dependencies(/github/racademy_ws/install/racademy_cpp_examples/share/colcon-core/packages/racademy_cpp_examples)
[0.505s] DEBUG:colcon.colcon_core.event_handler.log_command:Invoked command in '/github/racademy_ws/build/racademy_description' returned '0': CMAKE_PREFIX_PATH=${CMAKE_PREFIX_PATH}:/github/racademy_ws/install/racademy_py_examples:/opt/ros/humble /usr/bin/cmake --build /github/racademy_ws/build/racademy_description -- -j8 -l8
[0.510s] DEBUG:colcon.colcon_core.event_handler.log_command:Invoking command in '/github/racademy_ws/build/racademy_description': CMAKE_PREFIX_PATH=${CMAKE_PREFIX_PATH}:/github/racademy_ws/install/racademy_py_examples:/opt/ros/humble /usr/bin/cmake --install /github/racademy_ws/build/racademy_description
[0.596s] Level 1:colcon.colcon_core.environment:create_environment_scripts_only(racademy_description)
[0.597s] Level 1:colcon.colcon_core.environment:checking '/github/racademy_ws/install/racademy_description' for CMake module files
[0.598s] DEBUG:colcon.colcon_core.event_handler.log_command:Invoked command in '/github/racademy_ws/build/racademy_description' returned '0': CMAKE_PREFIX_PATH=${CMAKE_PREFIX_PATH}:/github/racademy_ws/install/racademy_py_examples:/opt/ros/humble /usr/bin/cmake --install /github/racademy_ws/build/racademy_description
[0.601s] Level 1:colcon.colcon_core.environment:checking '/github/racademy_ws/install/racademy_description' for CMake config files
[0.615s] Level 1:colcon.colcon_core.shell:create_environment_hook('racademy_description', 'cmake_prefix_path')
[0.615s] INFO:colcon.colcon_core.shell:Creating environment hook '/github/racademy_ws/install/racademy_description/share/racademy_description/hook/cmake_prefix_path.ps1'
[0.616s] INFO:colcon.colcon_core.shell:Creating environment descriptor '/github/racademy_ws/install/racademy_description/share/racademy_description/hook/cmake_prefix_path.dsv'
[0.620s] INFO:colcon.colcon_core.shell:Creating environment hook '/github/racademy_ws/install/racademy_description/share/racademy_description/hook/cmake_prefix_path.sh'
[0.621s] Level 1:colcon.colcon_core.environment:checking '/github/racademy_ws/install/racademy_description/bin'
[0.621s] Level 1:colcon.colcon_core.environment:checking '/github/racademy_ws/install/racademy_description/lib/pkgconfig/racademy_description.pc'
[0.621s] Level 1:colcon.colcon_core.environment:checking '/github/racademy_ws/install/racademy_description/lib/python3.10/site-packages'
[0.621s] Level 1:colcon.colcon_core.environment:checking '/github/racademy_ws/install/racademy_description/bin'
[0.622s] INFO:colcon.colcon_core.shell:Creating package script '/github/racademy_ws/install/racademy_description/share/racademy_description/package.ps1'
[0.622s] INFO:colcon.colcon_core.shell:Creating package descriptor '/github/racademy_ws/install/racademy_description/share/racademy_description/package.dsv'
[0.623s] INFO:colcon.colcon_core.shell:Creating package script '/github/racademy_ws/install/racademy_description/share/racademy_description/package.sh'
[0.623s] INFO:colcon.colcon_core.shell:Creating package script '/github/racademy_ws/install/racademy_description/share/racademy_description/package.bash'
[0.623s] INFO:colcon.colcon_core.shell:Creating package script '/github/racademy_ws/install/racademy_description/share/racademy_description/package.zsh'
[0.624s] Level 1:colcon.colcon_core.environment:create_file_with_runtime_dependencies(/github/racademy_ws/install/racademy_description/share/colcon-core/packages/racademy_description)
[0.624s] Level 1:colcon.colcon_core.environment:create_environment_scripts_only(racademy_description)
[0.624s] Level 1:colcon.colcon_core.environment:checking '/github/racademy_ws/install/racademy_description' for CMake module files
[0.626s] Level 1:colcon.colcon_core.environment:checking '/github/racademy_ws/install/racademy_description' for CMake config files
[0.627s] Level 1:colcon.colcon_core.shell:create_environment_hook('racademy_description', 'cmake_prefix_path')
[0.627s] INFO:colcon.colcon_core.shell:Creating environment hook '/github/racademy_ws/install/racademy_description/share/racademy_description/hook/cmake_prefix_path.ps1'
[0.627s] INFO:colcon.colcon_core.shell:Creating environment descriptor '/github/racademy_ws/install/racademy_description/share/racademy_description/hook/cmake_prefix_path.dsv'
[0.628s] INFO:colcon.colcon_core.shell:Creating environment hook '/github/racademy_ws/install/racademy_description/share/racademy_description/hook/cmake_prefix_path.sh'
[0.628s] Level 1:colcon.colcon_core.environment:checking '/github/racademy_ws/install/racademy_description/bin'
[0.628s] Level 1:colcon.colcon_core.environment:checking '/github/racademy_ws/install/racademy_description/lib/pkgconfig/racademy_description.pc'
[0.629s] Level 1:colcon.colcon_core.environment:checking '/github/racademy_ws/install/racademy_description/lib/python3.10/site-packages'
[0.629s] Level 1:colcon.colcon_core.environment:checking '/github/racademy_ws/install/racademy_description/bin'
[0.629s] INFO:colcon.colcon_core.shell:Creating package script '/github/racademy_ws/install/racademy_description/share/racademy_description/package.ps1'
[0.629s] INFO:colcon.colcon_core.shell:Creating package descriptor '/github/racademy_ws/install/racademy_description/share/racademy_description/package.dsv'
[0.630s] INFO:colcon.colcon_core.shell:Creating package script '/github/racademy_ws/install/racademy_description/share/racademy_description/package.sh'
[0.630s] INFO:colcon.colcon_core.shell:Creating package script '/github/racademy_ws/install/racademy_description/share/racademy_description/package.bash'
[0.630s] INFO:colcon.colcon_core.shell:Creating package script '/github/racademy_ws/install/racademy_description/share/racademy_description/package.zsh'
[0.630s] Level 1:colcon.colcon_core.environment:create_file_with_runtime_dependencies(/github/racademy_ws/install/racademy_description/share/colcon-core/packages/racademy_description)
[0.697s] DEBUG:colcon.colcon_core.event_handler.log_command:Invoking command in '/github/racademy_ws/build/racademy_py_examples': PYTHONPATH=/github/racademy_ws/build/racademy_py_examples/prefix_override:/usr/lib/python3/dist-packages/colcon_core/task/python/colcon_distutils_commands:/github/racademy_ws/install/racademy_py_examples/lib/python3.10/site-packages:${PYTHONPATH} /usr/bin/python3 -W ignore:setup.py install is deprecated -W ignore:easy_install command is deprecated setup.py develop --editable --build-directory /github/racademy_ws/build/racademy_py_examples/build --no-deps symlink_data
[0.918s] Level 1:colcon.colcon_core.shell:create_environment_hook('racademy_py_examples', 'pythonpath_develop')
[0.918s] INFO:colcon.colcon_core.shell:Creating environment hook '/github/racademy_ws/build/racademy_py_examples/share/racademy_py_examples/hook/pythonpath_develop.ps1'
[0.919s] DEBUG:colcon.colcon_core.event_handler.log_command:Invoked command in '/github/racademy_ws/build/racademy_py_examples' returned '0': PYTHONPATH=/github/racademy_ws/build/racademy_py_examples/prefix_override:/usr/lib/python3/dist-packages/colcon_core/task/python/colcon_distutils_commands:/github/racademy_ws/install/racademy_py_examples/lib/python3.10/site-packages:${PYTHONPATH} /usr/bin/python3 -W ignore:setup.py install is deprecated -W ignore:easy_install command is deprecated setup.py develop --editable --build-directory /github/racademy_ws/build/racademy_py_examples/build --no-deps symlink_data
[0.919s] INFO:colcon.colcon_core.shell:Creating environment descriptor '/github/racademy_ws/build/racademy_py_examples/share/racademy_py_examples/hook/pythonpath_develop.dsv'
[0.920s] INFO:colcon.colcon_core.shell:Creating environment hook '/github/racademy_ws/build/racademy_py_examples/share/racademy_py_examples/hook/pythonpath_develop.sh'
[0.920s] Level 1:colcon.colcon_core.environment:checking '/github/racademy_ws/install/racademy_py_examples' for CMake module files
[0.922s] Level 1:colcon.colcon_core.environment:checking '/github/racademy_ws/install/racademy_py_examples' for CMake config files
[0.923s] Level 1:colcon.colcon_core.environment:checking '/github/racademy_ws/install/racademy_py_examples/lib'
[0.924s] Level 1:colcon.colcon_core.environment:checking '/github/racademy_ws/install/racademy_py_examples/bin'
[0.924s] Level 1:colcon.colcon_core.environment:checking '/github/racademy_ws/install/racademy_py_examples/lib/pkgconfig/racademy_py_examples.pc'
[0.924s] Level 1:colcon.colcon_core.environment:checking '/github/racademy_ws/install/racademy_py_examples/lib/python3.10/site-packages'
[0.924s] Level 1:colcon.colcon_core.shell:create_environment_hook('racademy_py_examples', 'pythonpath')
[0.924s] INFO:colcon.colcon_core.shell:Creating environment hook '/github/racademy_ws/install/racademy_py_examples/share/racademy_py_examples/hook/pythonpath.ps1'
[0.924s] INFO:colcon.colcon_core.shell:Creating environment descriptor '/github/racademy_ws/install/racademy_py_examples/share/racademy_py_examples/hook/pythonpath.dsv'
[0.925s] INFO:colcon.colcon_core.shell:Creating environment hook '/github/racademy_ws/install/racademy_py_examples/share/racademy_py_examples/hook/pythonpath.sh'
[0.925s] Level 1:colcon.colcon_core.environment:checking '/github/racademy_ws/install/racademy_py_examples/bin'
[0.925s] Level 1:colcon.colcon_core.environment:create_environment_scripts_only(racademy_py_examples)
[0.925s] INFO:colcon.colcon_core.shell:Creating package script '/github/racademy_ws/install/racademy_py_examples/share/racademy_py_examples/package.ps1'
[0.926s] INFO:colcon.colcon_core.shell:Creating package descriptor '/github/racademy_ws/install/racademy_py_examples/share/racademy_py_examples/package.dsv'
[0.926s] INFO:colcon.colcon_core.shell:Creating package script '/github/racademy_ws/install/racademy_py_examples/share/racademy_py_examples/package.sh'
[0.926s] INFO:colcon.colcon_core.shell:Creating package script '/github/racademy_ws/install/racademy_py_examples/share/racademy_py_examples/package.bash'
[0.927s] INFO:colcon.colcon_core.shell:Creating package script '/github/racademy_ws/install/racademy_py_examples/share/racademy_py_examples/package.zsh'
[0.927s] Level 1:colcon.colcon_core.environment:create_file_with_runtime_dependencies(/github/racademy_ws/install/racademy_py_examples/share/colcon-core/packages/racademy_py_examples)
[0.927s] DEBUG:colcon.colcon_parallel_executor.executor.parallel:closing loop
[0.927s] DEBUG:colcon.colcon_parallel_executor.executor.parallel:loop closed
[0.927s] DEBUG:colcon.colcon_parallel_executor.executor.parallel:run_until_complete finished with '0'
[0.927s] DEBUG:colcon.colcon_core.event_reactor:joining thread
[0.932s] INFO:colcon.colcon_core.plugin_system:Skipping extension 'colcon_notification.desktop_notification.terminal_notifier': Not used on non-Darwin systems
[0.932s] INFO:colcon.colcon_core.plugin_system:Skipping extension 'colcon_notification.desktop_notification.win32': Not used on non-Windows systems
[0.932s] INFO:colcon.colcon_notification.desktop_notification:Sending desktop notification using 'notify2'
[0.932s] DEBUG:colcon.colcon_notification.desktop_notification.notify2:Failed to initialize notify2: org.freedesktop.DBus.Error.NotSupported: Unable to autolaunch a dbus-daemon without a $DISPLAY for X11
[0.932s] DEBUG:colcon.colcon_core.event_reactor:joined thread
[0.932s] INFO:colcon.colcon_core.shell:Creating prefix script '/github/racademy_ws/install/local_setup.ps1'
[0.933s] INFO:colcon.colcon_core.shell:Creating prefix util module '/github/racademy_ws/install/_local_setup_util_ps1.py'
[0.934s] INFO:colcon.colcon_core.shell:Creating prefix chain script '/github/racademy_ws/install/setup.ps1'
[0.936s] INFO:colcon.colcon_core.shell:Creating prefix script '/github/racademy_ws/install/local_setup.sh'
[0.936s] INFO:colcon.colcon_core.shell:Creating prefix util module '/github/racademy_ws/install/_local_setup_util_sh.py'
[0.937s] INFO:colcon.colcon_core.shell:Creating prefix chain script '/github/racademy_ws/install/setup.sh'
[0.938s] INFO:colcon.colcon_core.shell:Creating prefix script '/github/racademy_ws/install/local_setup.bash'
[0.938s] INFO:colcon.colcon_core.shell:Creating prefix chain script '/github/racademy_ws/install/setup.bash'
[0.939s] INFO:colcon.colcon_core.shell:Creating prefix script '/github/racademy_ws/install/local_setup.zsh'
[0.940s] INFO:colcon.colcon_core.shell:Creating prefix chain script '/github/racademy_ws/install/setup.zsh'
