[0.018s] Invoking command in '/github/racademy_ws/build/racademy_description': CMAKE_PREFIX_PATH=${CMAKE_PREFIX_PATH}:/github/racademy_ws/install/racademy_py_examples:/opt/ros/humble /usr/bin/cmake --build /github/racademy_ws/build/racademy_description -- -j8 -l8
[0.158s] Invoked command in '/github/racademy_ws/build/racademy_description' returned '0': CMAKE_PREFIX_PATH=${CMAKE_PREFIX_PATH}:/github/racademy_ws/install/racademy_py_examples:/opt/ros/humble /usr/bin/cmake --build /github/racademy_ws/build/racademy_description -- -j8 -l8
[0.160s] Invoking command in '/github/racademy_ws/build/racademy_description': CMAKE_PREFIX_PATH=${CMAKE_PREFIX_PATH}:/github/racademy_ws/install/racademy_py_examples:/opt/ros/humble /usr/bin/cmake --install /github/racademy_ws/build/racademy_description
[0.164s] -- Install configuration: ""
[0.165s] -- Up-to-date: /github/racademy_ws/install/racademy_description/share/racademy_description/meshes
[0.165s] -- Installing: /github/racademy_ws/install/racademy_description/share/racademy_description/meshes/duckiebot_frame_only.dae
[0.179s] -- Installing: /github/racademy_ws/install/racademy_description/share/racademy_description/meshes/duckiebot_rightwheel.dae
[0.186s] -- Installing: /github/racademy_ws/install/racademy_description/share/racademy_description/meshes/duckiebot_computer.dae
[0.243s] -- Installing: /github/racademy_ws/install/racademy_description/share/racademy_description/meshes/duckiebotFrame.dae
[0.273s] -- Installing: /github/racademy_ws/install/racademy_description/share/racademy_description/meshes/duckiebot_leftwheel.dae
[0.280s] -- Installing: /github/racademy_ws/install/racademy_description/share/racademy_description/meshes/duckiebot_camera.dae
[0.284s] -- Installing: /github/racademy_ws/install/racademy_description/share/racademy_description/meshes/duckiebot_frame_full.dae
[0.344s] -- Up-to-date: /github/racademy_ws/install/racademy_description/share/racademy_description/urdf
[0.345s] -- Up-to-date: /github/racademy_ws/install/racademy_description/share/racademy_description/urdf/racademy.urdf.xacro
[0.345s] -- Up-to-date: /github/racademy_ws/install/racademy_description/share/ament_index/resource_index/package_run_dependencies/racademy_description
[0.345s] -- Up-to-date: /github/racademy_ws/install/racademy_description/share/ament_index/resource_index/parent_prefix_path/racademy_description
[0.345s] -- Up-to-date: /github/racademy_ws/install/racademy_description/share/racademy_description/environment/ament_prefix_path.sh
[0.345s] -- Up-to-date: /github/racademy_ws/install/racademy_description/share/racademy_description/environment/ament_prefix_path.dsv
[0.346s] -- Up-to-date: /github/racademy_ws/install/racademy_description/share/racademy_description/environment/path.sh
[0.346s] -- Up-to-date: /github/racademy_ws/install/racademy_description/share/racademy_description/environment/path.dsv
[0.346s] -- Up-to-date: /github/racademy_ws/install/racademy_description/share/racademy_description/local_setup.bash
[0.346s] -- Up-to-date: /github/racademy_ws/install/racademy_description/share/racademy_description/local_setup.sh
[0.346s] -- Up-to-date: /github/racademy_ws/install/racademy_description/share/racademy_description/local_setup.zsh
[0.347s] -- Up-to-date: /github/racademy_ws/install/racademy_description/share/racademy_description/local_setup.dsv
[0.347s] -- Installing: /github/racademy_ws/install/racademy_description/share/racademy_description/package.dsv
[0.351s] -- Up-to-date: /github/racademy_ws/install/racademy_description/share/ament_index/resource_index/packages/racademy_description
[0.351s] -- Up-to-date: /github/racademy_ws/install/racademy_description/share/racademy_description/cmake/racademy_descriptionConfig.cmake
[0.351s] -- Up-to-date: /github/racademy_ws/install/racademy_description/share/racademy_description/cmake/racademy_descriptionConfig-version.cmake
[0.352s] -- Up-to-date: /github/racademy_ws/install/racademy_description/share/racademy_description/package.xml
[0.353s] Invoked command in '/github/racademy_ws/build/racademy_description' returned '0': CMAKE_PREFIX_PATH=${CMAKE_PREFIX_PATH}:/github/racademy_ws/install/racademy_py_examples:/opt/ros/humble /usr/bin/cmake --install /github/racademy_ws/build/racademy_description
