[0.020s] Invoking command in '/github/racademy_ws/build/racademy_cpp_examples': CMAKE_PREFIX_PATH=${CMAKE_PREFIX_PATH}:/github/racademy_ws/install/racademy_py_examples:/opt/ros/humble /usr/bin/cmake /github/racademy_ws/src/racademy_cpp_examples -DCMAKE_INSTALL_PREFIX=/github/racademy_ws/install/racademy_cpp_examples
[0.080s] -- Found ament_cmake: 1.3.14 (/opt/ros/humble/share/ament_cmake/cmake)
[0.188s] -- Override CMake install command with custom implementation using symlinks instead of copying resources
[0.206s] -- Found ament_lint_auto: 0.12.15 (/opt/ros/humble/share/ament_lint_auto/cmake)
[0.279s] -- Added test 'lint_cmake' to check CMake code style
[0.282s] -- Added test 'xmllint' to check XML markup files
[0.286s] -- Configuring done
[0.301s] -- Generating done
[0.309s] -- Build files have been written to: /github/racademy_ws/build/racademy_cpp_examples
[0.315s] Invoked command in '/github/racademy_ws/build/racademy_cpp_examples' returned '0': CMAKE_PREFIX_PATH=${CMAKE_PREFIX_PATH}:/github/racademy_ws/install/racademy_py_examples:/opt/ros/humble /usr/bin/cmake /github/racademy_ws/src/racademy_cpp_examples -DCMAKE_INSTALL_PREFIX=/github/racademy_ws/install/racademy_cpp_examples
[0.318s] Invoking command in '/github/racademy_ws/build/racademy_cpp_examples': CMAKE_PREFIX_PATH=${CMAKE_PREFIX_PATH}:/github/racademy_ws/install/racademy_py_examples:/opt/ros/humble /usr/bin/cmake --build /github/racademy_ws/build/racademy_cpp_examples -- -j8 -l8
[0.343s] Invoked command in '/github/racademy_ws/build/racademy_cpp_examples' returned '0': CMAKE_PREFIX_PATH=${CMAKE_PREFIX_PATH}:/github/racademy_ws/install/racademy_py_examples:/opt/ros/humble /usr/bin/cmake --build /github/racademy_ws/build/racademy_cpp_examples -- -j8 -l8
[0.351s] Invoking command in '/github/racademy_ws/build/racademy_cpp_examples': CMAKE_PREFIX_PATH=${CMAKE_PREFIX_PATH}:/github/racademy_ws/install/racademy_py_examples:/opt/ros/humble /usr/bin/cmake --install /github/racademy_ws/build/racademy_cpp_examples
[0.354s] -- Install configuration: ""
[0.355s] -- Execute custom install script
[0.355s] -- Up-to-date symlink: /github/racademy_ws/install/racademy_cpp_examples/share/ament_index/resource_index/package_run_dependencies/racademy_cpp_examples
[0.356s] -- Up-to-date symlink: /github/racademy_ws/install/racademy_cpp_examples/share/ament_index/resource_index/parent_prefix_path/racademy_cpp_examples
[0.356s] -- Up-to-date symlink: /github/racademy_ws/install/racademy_cpp_examples/share/racademy_cpp_examples/environment/ament_prefix_path.sh
[0.357s] -- Up-to-date symlink: /github/racademy_ws/install/racademy_cpp_examples/share/racademy_cpp_examples/environment/ament_prefix_path.dsv
[0.357s] -- Up-to-date symlink: /github/racademy_ws/install/racademy_cpp_examples/share/racademy_cpp_examples/environment/path.sh
[0.358s] -- Up-to-date symlink: /github/racademy_ws/install/racademy_cpp_examples/share/racademy_cpp_examples/environment/path.dsv
[0.359s] -- Up-to-date symlink: /github/racademy_ws/install/racademy_cpp_examples/share/racademy_cpp_examples/local_setup.bash
[0.359s] -- Up-to-date symlink: /github/racademy_ws/install/racademy_cpp_examples/share/racademy_cpp_examples/local_setup.sh
[0.363s] -- Up-to-date symlink: /github/racademy_ws/install/racademy_cpp_examples/share/racademy_cpp_examples/local_setup.zsh
[0.363s] -- Up-to-date symlink: /github/racademy_ws/install/racademy_cpp_examples/share/racademy_cpp_examples/local_setup.dsv
[0.365s] -- Symlinking: /github/racademy_ws/install/racademy_cpp_examples/share/racademy_cpp_examples/package.dsv
[0.375s] -- Up-to-date symlink: /github/racademy_ws/install/racademy_cpp_examples/share/ament_index/resource_index/packages/racademy_cpp_examples
[0.376s] -- Up-to-date symlink: /github/racademy_ws/install/racademy_cpp_examples/share/racademy_cpp_examples/cmake/racademy_cpp_examplesConfig.cmake
[0.376s] -- Up-to-date symlink: /github/racademy_ws/install/racademy_cpp_examples/share/racademy_cpp_examples/cmake/racademy_cpp_examplesConfig-version.cmake
[0.377s] -- Up-to-date symlink: /github/racademy_ws/install/racademy_cpp_examples/share/racademy_cpp_examples/package.xml
[0.379s] Invoked command in '/github/racademy_ws/build/racademy_cpp_examples' returned '0': CMAKE_PREFIX_PATH=${CMAKE_PREFIX_PATH}:/github/racademy_ws/install/racademy_py_examples:/opt/ros/humble /usr/bin/cmake --install /github/racademy_ws/build/racademy_cpp_examples
