[0.027s] Invoking command in '/github/racademy_ws/build/racademy_description': CMAKE_PREFIX_PATH=${CMAKE_PREFIX_PATH}:/github/racademy_ws/install/racademy_py_examples:/opt/ros/humble /usr/bin/cmake --build /github/racademy_ws/build/racademy_description -- -j8 -l8
[0.076s] -- Found ament_cmake: 1.3.14 (/opt/ros/humble/share/ament_cmake/cmake)
[0.153s] -- Found ament_lint_auto: 0.12.15 (/opt/ros/humble/share/ament_lint_auto/cmake)
[0.210s] -- Added test 'lint_cmake' to check CMake code style
[0.219s] -- Added test 'xmllint' to check XML markup files
[0.221s] -- Configuring done
[0.234s] -- Generating done
[0.242s] -- Build files have been written to: /github/racademy_ws/build/racademy_description
[0.251s] Invoked command in '/github/racademy_ws/build/racademy_description' returned '0': CMAKE_PREFIX_PATH=${CMAKE_PREFIX_PATH}:/github/racademy_ws/install/racademy_py_examples:/opt/ros/humble /usr/bin/cmake --build /github/racademy_ws/build/racademy_description -- -j8 -l8
[0.252s] Invoking command in '/github/racademy_ws/build/racademy_description': CMAKE_PREFIX_PATH=${CMAKE_PREFIX_PATH}:/github/racademy_ws/install/racademy_py_examples:/opt/ros/humble /usr/bin/cmake --install /github/racademy_ws/build/racademy_description
[0.257s] -- Install configuration: ""
[0.259s] -- Installing: /github/racademy_ws/install/racademy_description/share/racademy_description/meshes
[0.259s] -- Installing: /github/racademy_ws/install/racademy_description/share/racademy_description/urdf
[0.260s] -- Installing: /github/racademy_ws/install/racademy_description/share/racademy_description/urdf/racademy.urdf.xacro
[0.261s] -- Up-to-date: /github/racademy_ws/install/racademy_description/share/ament_index/resource_index/package_run_dependencies/racademy_description
[0.261s] -- Up-to-date: /github/racademy_ws/install/racademy_description/share/ament_index/resource_index/parent_prefix_path/racademy_description
[0.262s] -- Up-to-date: /github/racademy_ws/install/racademy_description/share/racademy_description/environment/ament_prefix_path.sh
[0.262s] -- Installing: /github/racademy_ws/install/racademy_description/share/racademy_description/environment/ament_prefix_path.dsv
[0.263s] -- Up-to-date: /github/racademy_ws/install/racademy_description/share/racademy_description/environment/path.sh
[0.263s] -- Installing: /github/racademy_ws/install/racademy_description/share/racademy_description/environment/path.dsv
[0.264s] -- Up-to-date: /github/racademy_ws/install/racademy_description/share/racademy_description/local_setup.bash
[0.264s] -- Up-to-date: /github/racademy_ws/install/racademy_description/share/racademy_description/local_setup.sh
[0.264s] -- Up-to-date: /github/racademy_ws/install/racademy_description/share/racademy_description/local_setup.zsh
[0.264s] -- Installing: /github/racademy_ws/install/racademy_description/share/racademy_description/local_setup.dsv
[0.267s] -- Installing: /github/racademy_ws/install/racademy_description/share/racademy_description/package.dsv
[0.268s] -- Up-to-date: /github/racademy_ws/install/racademy_description/share/ament_index/resource_index/packages/racademy_description
[0.268s] -- Up-to-date: /github/racademy_ws/install/racademy_description/share/racademy_description/cmake/racademy_descriptionConfig.cmake
[0.268s] -- Up-to-date: /github/racademy_ws/install/racademy_description/share/racademy_description/cmake/racademy_descriptionConfig-version.cmake
[0.268s] -- Up-to-date: /github/racademy_ws/install/racademy_description/share/racademy_description/package.xml
[0.269s] Invoked command in '/github/racademy_ws/build/racademy_description' returned '0': CMAKE_PREFIX_PATH=${CMAKE_PREFIX_PATH}:/github/racademy_ws/install/racademy_py_examples:/opt/ros/humble /usr/bin/cmake --install /github/racademy_ws/build/racademy_description
