-- Found ament_cmake: 1.3.14 (/opt/ros/humble/share/ament_cmake/cmake)
-- Override CMake install command with custom implementation using symlinks instead of copying resources
-- Found ament_lint_auto: 0.12.15 (/opt/ros/humble/share/ament_lint_auto/cmake)
-- Added test 'flake8' to check Python code syntax and style conventions
-- Added test 'lint_cmake' to check CMake code style
-- Added test 'pep257' to check Python code against some of the docstring style conventions in PEP 257
-- Added test 'xmllint' to check XML markup files
-- Configuring done
-- Generating done
-- Build files have been written to: /github/racademy_ws/build/racademy_description
-- Install configuration: ""
-- Execute custom install script
-- Up-to-date symlink: /github/racademy_ws/install/racademy_description/share/racademy_description/meshes/duckiebotFrame.dae
-- Up-to-date symlink: /github/racademy_ws/install/racademy_description/share/racademy_description/meshes/duckiebot_camera.dae
-- Up-to-date symlink: /github/racademy_ws/install/racademy_description/share/racademy_description/meshes/duckiebot_computer.dae
-- Up-to-date symlink: /github/racademy_ws/install/racademy_description/share/racademy_description/meshes/duckiebot_frame_full.dae
-- Up-to-date symlink: /github/racademy_ws/install/racademy_description/share/racademy_description/meshes/duckiebot_frame_only.dae
-- Up-to-date symlink: /github/racademy_ws/install/racademy_description/share/racademy_description/meshes/duckiebot_leftwheel.dae
-- Up-to-date symlink: /github/racademy_ws/install/racademy_description/share/racademy_description/meshes/duckiebot_rightwheel.dae
-- Symlinking: /github/racademy_ws/install/racademy_description/share/racademy_description/urdf/macros.xacro
-- Symlinking: /github/racademy_ws/install/racademy_description/share/racademy_description/urdf/materials.xacro
-- Symlinking: /github/racademy_ws/install/racademy_description/share/racademy_description/urdf/racademy.gazebo.xacro
-- Symlinking: /github/racademy_ws/install/racademy_description/share/racademy_description/urdf/racademy.ros2_control.xacro
-- Up-to-date symlink: /github/racademy_ws/install/racademy_description/share/racademy_description/urdf/racademy.urdf.xacro
-- Symlinking: /github/racademy_ws/install/racademy_description/share/racademy_description/urdf/racademy_ws_gazebo.xacro
-- Up-to-date symlink: /github/racademy_ws/install/racademy_description/share/racademy_description/launch/display.launch.py
-- Symlinking: /github/racademy_ws/install/racademy_description/share/racademy_description/launch/gazebo.launch.py
-- Up-to-date symlink: /github/racademy_ws/install/racademy_description/share/racademy_description/rviz/display.rviz
-- Up-to-date symlink: /github/racademy_ws/install/racademy_description/share/ament_index/resource_index/package_run_dependencies/racademy_description
-- Up-to-date symlink: /github/racademy_ws/install/racademy_description/share/ament_index/resource_index/parent_prefix_path/racademy_description
-- Up-to-date symlink: /github/racademy_ws/install/racademy_description/share/racademy_description/environment/ament_prefix_path.sh
-- Up-to-date symlink: /github/racademy_ws/install/racademy_description/share/racademy_description/environment/ament_prefix_path.dsv
-- Up-to-date symlink: /github/racademy_ws/install/racademy_description/share/racademy_description/environment/path.sh
-- Up-to-date symlink: /github/racademy_ws/install/racademy_description/share/racademy_description/environment/path.dsv
-- Up-to-date symlink: /github/racademy_ws/install/racademy_description/share/racademy_description/local_setup.bash
-- Up-to-date symlink: /github/racademy_ws/install/racademy_description/share/racademy_description/local_setup.sh
-- Up-to-date symlink: /github/racademy_ws/install/racademy_description/share/racademy_description/local_setup.zsh
-- Up-to-date symlink: /github/racademy_ws/install/racademy_description/share/racademy_description/local_setup.dsv
-- Symlinking: /github/racademy_ws/install/racademy_description/share/racademy_description/package.dsv
-- Up-to-date symlink: /github/racademy_ws/install/racademy_description/share/ament_index/resource_index/packages/racademy_description
-- Up-to-date symlink: /github/racademy_ws/install/racademy_description/share/racademy_description/cmake/racademy_descriptionConfig.cmake
-- Up-to-date symlink: /github/racademy_ws/install/racademy_description/share/racademy_description/cmake/racademy_descriptionConfig-version.cmake
-- Up-to-date symlink: /github/racademy_ws/install/racademy_description/share/racademy_description/package.xml
