[0.023s] Invoking command in '/github/racademy_ws/build/racademy_description': CMAKE_PREFIX_PATH=${CMAKE_PREFIX_PATH}:/github/racademy_ws/install/racademy_py_examples:/opt/ros/humble /usr/bin/cmake --build /github/racademy_ws/build/racademy_description -- -j8 -l8
[0.056s] -- Found ament_cmake: 1.3.14 (/opt/ros/humble/share/ament_cmake/cmake)
[0.133s] -- Override CMake install command with custom implementation using symlinks instead of copying resources
[0.141s] -- Found ament_lint_auto: 0.12.15 (/opt/ros/humble/share/ament_lint_auto/cmake)
[0.208s] -- Added test 'flake8' to check Python code syntax and style conventions
[0.211s] -- Added test 'lint_cmake' to check CMake code style
[0.213s] -- Added test 'pep257' to check Python code against some of the docstring style conventions in PEP 257
[0.222s] -- Added test 'xmllint' to check XML markup files
[0.227s] -- Configuring done
[0.245s] -- Generating done
[0.254s] -- Build files have been written to: /github/racademy_ws/build/racademy_description
[0.271s] Invoked command in '/github/racademy_ws/build/racademy_description' returned '0': CMAKE_PREFIX_PATH=${CMAKE_PREFIX_PATH}:/github/racademy_ws/install/racademy_py_examples:/opt/ros/humble /usr/bin/cmake --build /github/racademy_ws/build/racademy_description -- -j8 -l8
[0.277s] Invoking command in '/github/racademy_ws/build/racademy_description': CMAKE_PREFIX_PATH=${CMAKE_PREFIX_PATH}:/github/racademy_ws/install/racademy_py_examples:/opt/ros/humble /usr/bin/cmake --install /github/racademy_ws/build/racademy_description
[0.280s] -- Install configuration: ""
[0.281s] -- Execute custom install script
[0.282s] -- Up-to-date symlink: /github/racademy_ws/install/racademy_description/share/racademy_description/meshes/duckiebotFrame.dae
[0.282s] -- Up-to-date symlink: /github/racademy_ws/install/racademy_description/share/racademy_description/meshes/duckiebot_camera.dae
[0.282s] -- Up-to-date symlink: /github/racademy_ws/install/racademy_description/share/racademy_description/meshes/duckiebot_computer.dae
[0.282s] -- Up-to-date symlink: /github/racademy_ws/install/racademy_description/share/racademy_description/meshes/duckiebot_frame_full.dae
[0.283s] -- Up-to-date symlink: /github/racademy_ws/install/racademy_description/share/racademy_description/meshes/duckiebot_frame_only.dae
[0.283s] -- Up-to-date symlink: /github/racademy_ws/install/racademy_description/share/racademy_description/meshes/duckiebot_leftwheel.dae
[0.283s] -- Up-to-date symlink: /github/racademy_ws/install/racademy_description/share/racademy_description/meshes/duckiebot_rightwheel.dae
[0.283s] -- Symlinking: /github/racademy_ws/install/racademy_description/share/racademy_description/urdf/macros.xacro
[0.289s] -- Symlinking: /github/racademy_ws/install/racademy_description/share/racademy_description/urdf/materials.xacro
[0.293s] -- Symlinking: /github/racademy_ws/install/racademy_description/share/racademy_description/urdf/racademy.gazebo.xacro
[0.297s] -- Symlinking: /github/racademy_ws/install/racademy_description/share/racademy_description/urdf/racademy.ros2_control.xacro
[0.301s] -- Up-to-date symlink: /github/racademy_ws/install/racademy_description/share/racademy_description/urdf/racademy.urdf.xacro
[0.301s] -- Symlinking: /github/racademy_ws/install/racademy_description/share/racademy_description/urdf/racademy_ws_gazebo.xacro
[0.305s] -- Up-to-date symlink: /github/racademy_ws/install/racademy_description/share/racademy_description/launch/display.launch.py
[0.305s] -- Symlinking: /github/racademy_ws/install/racademy_description/share/racademy_description/launch/gazebo.launch.py
[0.310s] -- Up-to-date symlink: /github/racademy_ws/install/racademy_description/share/racademy_description/rviz/display.rviz
[0.310s] -- Up-to-date symlink: /github/racademy_ws/install/racademy_description/share/ament_index/resource_index/package_run_dependencies/racademy_description
[0.310s] -- Up-to-date symlink: /github/racademy_ws/install/racademy_description/share/ament_index/resource_index/parent_prefix_path/racademy_description
[0.310s] -- Up-to-date symlink: /github/racademy_ws/install/racademy_description/share/racademy_description/environment/ament_prefix_path.sh
[0.311s] -- Up-to-date symlink: /github/racademy_ws/install/racademy_description/share/racademy_description/environment/ament_prefix_path.dsv
[0.311s] -- Up-to-date symlink: /github/racademy_ws/install/racademy_description/share/racademy_description/environment/path.sh
[0.311s] -- Up-to-date symlink: /github/racademy_ws/install/racademy_description/share/racademy_description/environment/path.dsv
[0.312s] -- Up-to-date symlink: /github/racademy_ws/install/racademy_description/share/racademy_description/local_setup.bash
[0.312s] -- Up-to-date symlink: /github/racademy_ws/install/racademy_description/share/racademy_description/local_setup.sh
[0.312s] -- Up-to-date symlink: /github/racademy_ws/install/racademy_description/share/racademy_description/local_setup.zsh
[0.313s] -- Up-to-date symlink: /github/racademy_ws/install/racademy_description/share/racademy_description/local_setup.dsv
[0.316s] -- Symlinking: /github/racademy_ws/install/racademy_description/share/racademy_description/package.dsv
[0.321s] -- Up-to-date symlink: /github/racademy_ws/install/racademy_description/share/ament_index/resource_index/packages/racademy_description
[0.323s] -- Up-to-date symlink: /github/racademy_ws/install/racademy_description/share/racademy_description/cmake/racademy_descriptionConfig.cmake
[0.324s] -- Up-to-date symlink: /github/racademy_ws/install/racademy_description/share/racademy_description/cmake/racademy_descriptionConfig-version.cmake
[0.324s] -- Up-to-date symlink: /github/racademy_ws/install/racademy_description/share/racademy_description/package.xml
[0.364s] Invoked command in '/github/racademy_ws/build/racademy_description' returned '0': CMAKE_PREFIX_PATH=${CMAKE_PREFIX_PATH}:/github/racademy_ws/install/racademy_py_examples:/opt/ros/humble /usr/bin/cmake --install /github/racademy_ws/build/racademy_description
